C51 COMPILER V9.51   MAIN                                                                  03/23/2015 22:37:37 PAGE 1   


C51 COMPILER V9.51, COMPILATION OF MODULE MAIN
OBJECT MODULE PLACED IN .\DP8051\DP8051_Keil_951\Debug\main.obj
COMPILER INVOKED BY: C:\Program Files (x86)\Cypress\PSoC Creator\3.1\PSoC Creator\import\keil\pk51\9.51\C51\BIN\c51.exe 
                    -.\main.c NOIV LARGE MODDP2 OMF2 VB(1) NOIP INCDIR(.,.\Generated_Source\PSoC3) FF(3) DB DF(DEBUG) WL(2) PR(.\DP8051\DP805
                    -1_Keil_951\Debug/main.lst) CD OT(2,SIZE) OJ(.\DP8051\DP8051_Keil_951\Debug\main.obj)

line level    source

   1          /* ========================================
   2           *
   3           * File:    main.c
   4           * Project: Ice Timer
   5           * Author:  Scott Lawson
   6           * Version: 2015.3.22
   7           *
   8           * ========================================
   9          */
  10          #include <project.h>
  11          
  12          int main()
  13          {
  14   1          dbnc_CLK_Start();
  15   1          timer_CLK_Start();
  16   1          
  17   1          LCD_Start();
  18   1          LCD_Position(0,0);
  19   1          LCD_PrintString("Set arm to upper");
  20   1          LCD_Position(1,0);
  21   1          LCD_PrintString("position...");
  22   1          
  23   1          Timer_Start();
  24   1          tenthSec_CNTR_Start();
  25   1          sec_CNTR_Start();
  26   1          min_CNTR_Start();
  27   1          hr_CNTR_Start();
  28   1          
  29   1          startTimer_ISR_Start();
  30   1          stopTimer_ISR_Start();
  31   1          readyTimer_ISR_Start();
  32   1          
  33   1          CyGlobalIntEnable;
  34   1      
  35   1          for(;;)
  36   1          {
  37   2          }
  38   1      }
  39          
C51 COMPILER V9.51   MAIN                                                                  03/23/2015 22:37:37 PAGE 2   

ASSEMBLY LISTING OF GENERATED OBJECT CODE


             ; FUNCTION main (BEGIN)
                                           ; SOURCE LINE # 12
                                           ; SOURCE LINE # 13
                                           ; SOURCE LINE # 14
0000 120000      E     LCALL   dbnc_CLK_Start
                                           ; SOURCE LINE # 15
0003 120000      E     LCALL   timer_CLK_Start
                                           ; SOURCE LINE # 17
0006 120000      E     LCALL   LCD_Start
                                           ; SOURCE LINE # 18
0009 7D00              MOV     R5,#00H
000B 7F00              MOV     R7,#00H
000D 120000      E     LCALL   _LCD_Position
                                           ; SOURCE LINE # 19
0010 7BFF              MOV     R3,#0FFH
0012 7A00        R     MOV     R2,#HIGH ?SC_0
0014 7900        R     MOV     R1,#LOW ?SC_0
0016 120000      E     LCALL   _LCD_PrintString
                                           ; SOURCE LINE # 20
0019 7D00              MOV     R5,#00H
001B 7F01              MOV     R7,#01H
001D 120000      E     LCALL   _LCD_Position
                                           ; SOURCE LINE # 21
0020 7BFF              MOV     R3,#0FFH
0022 7A00        R     MOV     R2,#HIGH ?SC_17
0024 7900        R     MOV     R1,#LOW ?SC_17
0026 120000      E     LCALL   _LCD_PrintString
                                           ; SOURCE LINE # 23
0029 120000      E     LCALL   Timer_Start
                                           ; SOURCE LINE # 24
002C 120000      E     LCALL   tenthSec_CNTR_Start
                                           ; SOURCE LINE # 25
002F 120000      E     LCALL   sec_CNTR_Start
                                           ; SOURCE LINE # 26
0032 120000      E     LCALL   min_CNTR_Start
                                           ; SOURCE LINE # 27
0035 120000      E     LCALL   hr_CNTR_Start
                                           ; SOURCE LINE # 29
0038 120000      E     LCALL   startTimer_ISR_Start
                                           ; SOURCE LINE # 30
003B 120000      E     LCALL   stopTimer_ISR_Start
                                           ; SOURCE LINE # 31
003E 120000      E     LCALL   readyTimer_ISR_Start
                                           ; SOURCE LINE # 33
0041 D2AF              SETB    EA
0043 9044F4            MOV     DPTR,#044F4H
0046 74FD              MOV     A,#0FDH
0048 F0                MOVX    @DPTR,A
                                           ; SOURCE LINE # 35
0049         ?C0001:
                                           ; SOURCE LINE # 36
                                           ; SOURCE LINE # 37
0049 80FE              SJMP    ?C0001
004B 22                RET     
             ; FUNCTION main (END)



MODULE INFORMATION:   STATIC OVERLAYABLE
C51 COMPILER V9.51   MAIN                                                                  03/23/2015 22:37:37 PAGE 3   

   CODE SIZE        =     76    ----
   CONSTANT SIZE    =     29    ----
   XDATA SIZE       =   ----    ----
   PDATA SIZE       =   ----    ----
   DATA SIZE        =   ----    ----
   IDATA SIZE       =   ----    ----
   BIT SIZE         =   ----    ----
   EDATA SIZE       =   ----    ----
   HDATA SIZE       =   ----    ----
   XDATA CONST SIZE =   ----    ----
   FAR CONST SIZE   =   ----    ----
END OF MODULE INFORMATION.


C51 COMPILATION COMPLETE.  0 WARNING(S),  0 ERROR(S)
